// Jest Snapshot v1, https://goo.gl/fbAQLP

exports[`renders APP without crashing 1`] = `ReactWrapper {}`;
